{
	"parent": "minecraft:cape/cape_2",
	"textures": {
		"0": "item/capes/golden",
		"particle": "item/capes/golden"
	}
}